d.I6gK+NLewsssNPJXq1mrHi1I2YNtS2ya1fvdVbCQhQqSHiknHL3SAeJwrOgCwgxucLqV/MWZflrkAHkzZsP1Aw==